Timing Summary
==============

   POST-ROUTE

          Group  No. Clocks  No. Clock Pairs  WNS(ps)  TNS(ps)  TNS Endpoints      
    -----------  ----------  ---------------  -------  -------  -------------      
   <UDEF_i_clk>           1                1    -1471   -27741             26      




Clocks
======

            Clock    Clock net         Group  Constrained Period(ps)      Waveform(ps)   Achievable Period(ps)  Achievable Frequency(MHz)
   --------------  -----------   -----------  ----------------------  -----------------  ---------------------  -------------------------
            i_clk        i_clk  <UDEF_i_clk>           (auto) 2000            (0,1000)                   3470                    288.184 




Clock Relationships
===================

       From Clock        To Clock               Group    Endpoints     WNS(ps)    TNS(ps)  TNS Endpoints
   --------------  --------------  ------------------  -----------  ----------  ---------  -------------
            i_clk           i_clk        <UDEF_i_clk>           27       -1471     -27741             26




Timing Details for Clock Pair i_clk and i_clk
=============================================

       From Clock        To Clock               Group    Endpoints     WNS(ps)    TNS(ps)  TNS Endpoints
   --------------  --------------  ------------------  -----------  ----------  ---------  -------------
            i_clk           i_clk        <UDEF_i_clk>           27       -1471     -27741             26

Path 5:
   Slack (not met):                         -1471ps
     Path type:                               SETUP
     Group:                            <UDEF_i_clk>
     Launching clock:                         i_clk (rising edge)
     Capturing clock:                         i_clk (rising edge)

     Requested period:                       2000ps
   + Delay of the capturing clock:           2319ps
   - Clock uncertainty:                       150ps
   = Required time:                          4169ps
   - Propagation time:                       3321ps (83.4% logic, 16.6% route, logic stage 1)
   - Delay of the launching clock:           2319ps
   = Slack:                                 -1471ps

   Instance/Pin or Net Name   Type         ID    Location or Fanout   Delay(ps)  Edge  Arrival Time(ps)    Instance detail                                                                                                  
   ---------------------------------------------------------------------------------------------------------------------------------------------------------------------------------------------------------------------------
   i_clk                      CLOCK-PORT    -                     -     launch     r               0                                                                                                                        
   i_clk                      Clock net    15          (fanout=152)       2319                     -                                                                                                                        
   RBB_19/CLK                 RBB_6L       19  [TILE 0 0, RBB 25 8]          -     r            2319                                                                                                                        
   ---------------------------------------------------------------------------------------------------------------------------------------------------------------------------------------------------------------------------
   RBB_19/CMUX                RBB_6L       19  [TILE 0 0, RBB 25 8]       1381     r            3700     {inst44: $auto$ff.cc:266:slice$1872 (FDR,site=cffo)}                                                               
   y_sync[1]                  Net          20            (fanout=2)        551                     -                                                                                                                        
   RBB_19/A1                  RBB_6L       19  [TILE 0 0, RBB 25 8]          -     r            4251     {inst84: $auto$ff.cc:266:slice$1873_buf84_i (LUT,site=aluto)} {inst45: $auto$ff.cc:266:slice$1873 (FDR,site=affo)} 
   ---------------------------------------------------------------------------------------------------------------------------------------------------------------------------------------------------------------------------
   RBB_19/CLK                 RBB_6L       19  [TILE 0 0, RBB 25 8]       1389     r            5640                                                                                                                        
   i_clk                      Clock net    15          (fanout=152)      -2319                     -                                                                                                                        
   i_clk                      CLOCK-PORT    -                     -    capture     r            3321                                                                                                                        
   ---------------------------------------------------------------------------------------------------------------------------------------------------------------------------------------------------------------------------


Path 9:
   Slack (not met):                         -1402ps
     Path type:                               SETUP
     Group:                            <UDEF_i_clk>
     Launching clock:                         i_clk (rising edge)
     Capturing clock:                         i_clk (rising edge)

     Requested period:                       2000ps
   + Delay of the capturing clock:           2319ps
   - Clock uncertainty:                       150ps
   = Required time:                          4169ps
   - Propagation time:                       3252ps (82.3% logic, 17.7% route, logic stage 1)
   - Delay of the launching clock:           2319ps
   = Slack:                                 -1402ps

   Instance/Pin or Net Name   Type         ID    Location or Fanout   Delay(ps)  Edge  Arrival Time(ps)    Instance detail                                                                                                     
   ------------------------------------------------------------------------------------------------------------------------------------------------------------------------------------------------------------------------------
   i_clk                      CLOCK-PORT    -                     -     launch     r               0                                                                                                                           
   i_clk                      Clock net    15          (fanout=152)       2319                     -                                                                                                                           
   RBB_19/CLK                 RBB_6L       19  [TILE 0 0, RBB 25 8]          -     r            2319                                                                                                                           
   ------------------------------------------------------------------------------------------------------------------------------------------------------------------------------------------------------------------------------
   RBB_19/AMUX                RBB_6L       19  [TILE 0 0, RBB 25 8]       1386     r            3705     {inst45: $auto$ff.cc:266:slice$1873 (FDR,site=affo)}                                                                  
   y_sync[2]                  Net          18            (fanout=2)        574                     -                                                                                                                           
   RBB_19/A2                  RBB_6L       19  [TILE 0 0, RBB 25 8]          -     r            4279     {inst53: $auto$xilinx_dffopt.cc:332:execute$2522 (LUT,site=alut)} {inst48: $auto$ff.cc:266:slice$1876 (FDR,site=aff)} 
   ------------------------------------------------------------------------------------------------------------------------------------------------------------------------------------------------------------------------------
   RBB_19/CLK                 RBB_6L       19  [TILE 0 0, RBB 25 8]       1292     r            5571                                                                                                                           
   i_clk                      Clock net    15          (fanout=152)      -2319                     -                                                                                                                           
   i_clk                      CLOCK-PORT    -                     -    capture     r            3252                                                                                                                           
   ------------------------------------------------------------------------------------------------------------------------------------------------------------------------------------------------------------------------------


Path 10:
   Slack (not met):                         -1374ps
     Path type:                               SETUP
     Group:                            <UDEF_i_clk>
     Launching clock:                         i_clk (rising edge)
     Capturing clock:                         i_clk (rising edge)

     Requested period:                       2000ps
   + Delay of the capturing clock:           2319ps
   - Clock uncertainty:                       150ps
   = Required time:                          4169ps
   - Propagation time:                       3224ps (82.9% logic, 17.1% route, logic stage 1)
   - Delay of the launching clock:           2319ps
   = Slack:                                 -1374ps

   Instance/Pin or Net Name   Type         ID    Location or Fanout   Delay(ps)  Edge  Arrival Time(ps)    Instance detail                                                                                                     
   ------------------------------------------------------------------------------------------------------------------------------------------------------------------------------------------------------------------------------
   i_clk                      CLOCK-PORT    -                     -     launch     r               0                                                                                                                           
   i_clk                      Clock net    15          (fanout=152)       2319                     -                                                                                                                           
   RBB_19/CLK                 RBB_6L       19  [TILE 0 0, RBB 25 8]          -     r            2319                                                                                                                           
   ------------------------------------------------------------------------------------------------------------------------------------------------------------------------------------------------------------------------------
   RBB_19/CMUX                RBB_6L       19  [TILE 0 0, RBB 25 8]       1381     r            3700     {inst44: $auto$ff.cc:266:slice$1872 (FDR,site=cffo)}                                                                  
   y_sync[1]                  Net          20            (fanout=2)        551                     -                                                                                                                           
   RBB_19/A1                  RBB_6L       19  [TILE 0 0, RBB 25 8]          -     r            4251     {inst53: $auto$xilinx_dffopt.cc:332:execute$2522 (LUT,site=alut)} {inst48: $auto$ff.cc:266:slice$1876 (FDR,site=aff)} 
   ------------------------------------------------------------------------------------------------------------------------------------------------------------------------------------------------------------------------------
   RBB_19/CLK                 RBB_6L       19  [TILE 0 0, RBB 25 8]       1292     r            5543                                                                                                                           
   i_clk                      Clock net    15          (fanout=152)      -2319                     -                                                                                                                           
   i_clk                      CLOCK-PORT    -                     -    capture     r            3224                                                                                                                           
   ------------------------------------------------------------------------------------------------------------------------------------------------------------------------------------------------------------------------------













