net 1: (8 27)->(8 26) 0 1 0 0 #timing (700 700) ps polarity 1
net 1: (8 26)->(8 26) 1 0 0 0 #timing (793 792) ps polarity 0
net 1: (8 26)->(12 26) 4 2 0 0 #timing (1026 1023) ps polarity 0
net 1: (12 26)->(12 26) 1 0 1 1 #timing (1224 1200) ps  polarity 1
net 1: (12 26)->(12 27) 0 1 0 1 #timing (1320 1335) ps  polarity 0
net 1: (8 27)->(9 26) 0 3 0 0 #timing (695 695) ps polarity 1
net 1: (9 26)->(9 24) 1 1 0 0 #timing (846 826) ps polarity 0
net 1: (9 24)->(9 24) 1 0 1 1 #timing (1064 1019) ps  polarity 1
net 1: (9 24)->(9 25) 0 1 0 1 #timing (1145 1178) ps  polarity 0
net 1: (9 24)->(11 24) 1 2 0 1 #timing (1136 1063) ps  polarity 1
net 1: (11 24)->(11 25) 0 1 0 1 #timing (1208 1299) ps  polarity 0
net 2: (10 27)->(10 27) 0 0 0 0 #timing (726 726) ps polarity 1
net 2: (10 27)->(8 25) 1 3 0 0 #timing (876 853) ps polarity 0
net 2: (8 25)->(8 27) 1 1 0 1 #timing (1145 1088) ps  polarity 1
net 2: (8 27)->(8 26) 0 1 0 1 #timing (1289 1316) ps  polarity 0
net 2: (8 27)->(9 27) 0 2 0 1 #timing (1216 1285) ps  polarity 0
net 2: (8 25)->(12 25) 4 2 0 0 #timing (1119 1152) ps polarity 0
net 2: (12 25)->(12 27) 1 1 0 1 #timing (1398 1326) ps  polarity 1
net 2: (12 27)->(12 27) 0 0 0 1 #timing (1475 1548) ps  polarity 0
net 2: (10 27)->(10 26) 0 1 0 0 #timing (736 736) ps polarity 1
net 2: (10 26)->(10 26) 1 0 0 0 #timing (823 821) ps polarity 0
net 2: (10 26)->(10 26) 1 0 0 1 #timing (1027 992) ps  polarity 1
net 2: (10 26)->(10 27) 0 1 0 1 #timing (1114 1140) ps  polarity 0
net 3: (8 26)->(8 26) 0 0 0 0 #timing (177 177) ps polarity 1
net 3: (8 26)->(10 24) 1 3 0 0 #timing (336 310) ps polarity 0
net 3: (10 24)->(10 26) 1 1 0 1 #timing (612 551) ps  polarity 1
net 3: (10 26)->(10 26) 0 0 0 1 #timing (695 761) ps  polarity 0
net 3: (10 24)->(8 24) 1 2 0 1 #timing (587 535) ps  polarity 1
net 3: (8 24)->(8 25) 0 1 0 1 #timing (690 728) ps  polarity 0
net 4: (22 31)->(22 31) 0 0 0 0 #timing (1 1) ps polarity 1
net 4: (22 31)->(22 31) 1 0 0 0 #timing (91 89) ps polarity 0
net 4: (22 31)->(26 31) 4 5 0 0 #timing (344 323) ps polarity 0
net 4: (26 31)->(26 31) 5 0 0 0 #timing (469 464) ps polarity 1
net 4: (26 31)->(10 31) 13 2 0 0 #timing (1115 1000) ps polarity 0
net 4: (10 31)->(10 31) 5 0 1 1 #timing (1352 1250) ps  polarity 0
net 4: (10 31)->(10 27) 3 1 0 1 #timing (1728 1545) ps  polarity 1
net 4: (10 27)->(8 25) 1 3 0 1 #timing (1893 1692) ps  polarity 0
net 4: (8 25)->(8 25) 0 0 0 1 #timing (1819 2035) ps  polarity 1
net 5: (9 27)->(9 27) 0 0 0 0 #timing (760 760) ps polarity 1
net 5: (9 27)->(11 27) 1 2 0 0 #timing (889 875) ps polarity 0
net 5: (11 27)->(11 27) 1 0 1 1 #timing (1114 1080) ps  polarity 1
net 5: (11 27)->(10 26) 0 3 0 1 #timing (1219 1235) ps  polarity 0
net 6: (10 25)->(10 25) 0 0 0 0 #timing (680 680) ps polarity 1
net 6: (10 25)->(8 27) 1 3 0 0 #timing (808 795) ps polarity 0
net 6: (8 27)->(10 27) 1 2 0 1 #timing (1066 1029) ps  polarity 1
net 6: (10 27)->(10 26) 0 1 0 1 #timing (1155 1192) ps  polarity 0
net 6: (10 27)->(11 26) 0 3 0 1 #timing (1169 1199) ps  polarity 0
net 6: (8 27)->(12 27) 4 2 0 0 #timing (1071 1108) ps polarity 0
net 6: (12 27)->(12 27) 1 0 1 1 #timing (1310 1246) ps  polarity 1
net 6: (12 27)->(12 26) 0 1 0 1 #timing (1377 1427) ps  polarity 0
net 7: (10 26)->(10 26) 0 0 0 0 #timing (166 166) ps polarity 1
net 7: (10 26)->(8 24) 1 3 0 0 #timing (359 315) ps polarity 0
net 7: (8 24)->(10 24) 1 2 0 1 #timing (602 529) ps  polarity 1
net 7: (10 24)->(11 25) 0 3 0 1 #timing (664 728) ps  polarity 0
net 7: (8 24)->(12 24) 4 2 0 0 #timing (575 629) ps polarity 0
net 7: (12 24)->(12 26) 1 1 0 1 #timing (878 783) ps  polarity 1
net 7: (12 26)->(12 26) 0 0 0 1 #timing (925 1028) ps  polarity 0
net 8: (11 27)->(11 27) 0 0 0 0 #timing (686 686) ps polarity 1
net 8: (11 27)->(9 25) 1 3 0 0 #timing (859 826) ps polarity 0
net 8: (9 25)->(11 27) 1 3 0 1 #timing (1226 1125) ps  polarity 1
net 8: (11 27)->(11 27) 0 0 0 1 #timing (1263 1405) ps  polarity 0
net 8: (9 25)->(13 25) 4 2 0 0 #timing (1167 1205) ps polarity 0
net 8: (13 25)->(13 25) 1 0 1 1 #timing (1422 1356) ps  polarity 1
net 8: (13 25)->(13 25) 0 0 0 1 #timing (1468 1530) ps  polarity 0
net 9: (9 25)->(9 25) 0 0 0 0 #timing (637 637) ps polarity 1
net 9: (9 25)->(9 27) 1 1 0 0 #timing (753 744) ps polarity 0
net 9: (9 27)->(9 27) 1 0 1 1 #timing (981 948) ps  polarity 1
net 9: (9 27)->(9 26) 0 1 0 1 #timing (1056 1085) ps  polarity 0
net 9: (9 27)->(13 27) 4 2 0 0 #timing (1049 1050) ps polarity 0
net 9: (13 27)->(13 27) 1 0 1 1 #timing (1267 1237) ps  polarity 1
net 9: (13 27)->(13 27) 0 0 0 1 #timing (1338 1369) ps  polarity 0
net 9: (13 27)->(12 27) 0 2 0 1 #timing (1359 1381) ps  polarity 0
net 9: (9 25)->(11 25) 1 2 0 0 #timing (786 766) ps polarity 0
net 9: (11 25)->(11 25) 1 0 1 1 #timing (1011 971) ps  polarity 1
net 9: (11 25)->(11 25) 0 0 0 1 #timing (1083 1120) ps  polarity 0
net 10: (9 31)->(8 31) 0 2 0 0 #timing (1 1) ps polarity 1
net 10: (8 31)->(10 29) 1 3 0 0 #timing (201 152) ps polarity 0
net 10: (10 29)->(10 25) 3 1 0 1 #timing (676 522) ps  polarity 0
net 10: (10 25)->(10 27) 1 1 0 1 #timing (818 658) ps  polarity 1
net 10: (10 27)->(11 27) 0 2 0 1 #timing (765 945) ps  polarity 0
net 12: (10 0)->(11 1) 0 3 0 0 #timing (1 1) ps polarity 1
net 12: (11 1)->(9 3) 1 3 0 0 #timing (157 141) ps polarity 0
net 12: (9 3)->(9 3) 5 0 1 0 #timing (274 342) ps polarity 1
net 12: (9 3)->(9 18) 13 1 1 0 #timing (946 762) ps polarity 0
net 12: (9 18)->(9 26) 5 1 0 1 #timing (1496 1294) ps  polarity 1
net 12: (9 26)->(11 26) 1 2 0 1 #timing (1586 1728) ps  polarity 0
net 12: (11 26)->(10 26) 0 2 0 1 #timing (1834 1725) ps  polarity 1
net 14: (23 31)->(23 31) 0 0 0 0 #timing (0 0) ps polarity 1
net 14: (23 31)->(21 29) 1 3 0 0 #timing (179 143) ps polarity 0
net 14: (21 29)->(23 31) 1 3 0 1 #timing (477 397) ps  polarity 1
net 14: (23 31)->(22 31) 0 2 0 1 #timing (550 642) ps  polarity 0
net 14: (21 29)->(21 29) 5 0 0 0 #timing (262 342) ps polarity 1
net 14: (21 29)->(5 29) 13 2 0 0 #timing (1011 804) ps polarity 0
net 14: (5 29)->(5 29) 5 0 0 1 #timing (1281 1087) ps  polarity 0
net 14: (5 29)->(9 29) 4 5 0 1 #timing (1715 1445) ps  polarity 1
net 14: (9 29)->(9 25) 3 1 0 1 #timing (2060 1714) ps  polarity 1
net 14: (9 25)->(9 25) 1 0 1 1 #timing (2166 1828) ps  polarity 0
net 14: (9 25)->(8 25) 0 2 0 1 #timing (1973 2292) ps  polarity 1
net 14: (21 29)->(4 29) 13 2 1 0 #timing (1072 849) ps polarity 0
net 14: (4 29)->(4 29) 5 0 0 1 #timing (1376 1164) ps  polarity 0
net 14: (4 29)->(8 29) 4 5 0 1 #timing (1824 1520) ps  polarity 1
net 14: (8 29)->(8 31) 1 1 0 1 #timing (2067 1719) ps  polarity 0
net 14: (8 31)->(8 31) 0 0 0 1 #timing (1860 2214) ps  polarity 1
net 14: (8 29)->(8 25) 3 1 0 1 #timing (2134 1766) ps  polarity 1
net 14: (8 25)->(10 25) 1 2 0 1 #timing (2251 1883) ps  polarity 0
net 14: (10 25)->(10 25) 0 0 0 1 #timing (2048 2393) ps  polarity 1
net 14: (4 29)->(4 13) 13 1 0 0 #timing (1546 1673) ps polarity 1
net 14: (4 13)->(12 5) 5 3 0 1 #timing (2283 2387) ps  polarity 1
net 14: (12 5)->(8 5) 4 2 0 1 #timing (2691 2585) ps  polarity 0
net 14: (8 5)->(8 1) 3 1 0 1 #timing (3041 2853) ps  polarity 0
net 14: (8 1)->(8 1) 1 0 0 1 #timing (3139 2956) ps  polarity 1
net 14: (8 1)->(8 0) 0 1 0 1 #timing (3073 3248) ps  polarity 0
net 14: (8 1)->(10 1) 1 2 0 1 #timing (3153 2966) ps  polarity 1
net 14: (10 1)->(10 0) 0 1 0 1 #timing (3086 3271) ps  polarity 0
net 16: (22 0)->(22 1) 0 1 0 0 #timing (2 2) ps polarity 1
net 16: (22 1)->(22 3) 1 1 0 0 #timing (127 120) ps polarity 0
net 16: (22 3)->(22 3) 5 0 1 0 #timing (238 281) ps polarity 1
net 16: (22 3)->(7 3) 13 2 1 0 #timing (982 806) ps polarity 0
net 16: (7 3)->(7 18) 13 1 1 0 #timing (1498 1570) ps polarity 1
net 16: (7 18)->(15 26) 5 3 0 1 #timing (2263 2315) ps  polarity 1
net 16: (15 26)->(11 26) 4 2 0 1 #timing (2637 2576) ps  polarity 0
net 16: (11 26)->(11 26) 1 0 1 1 #timing (2825 2740) ps  polarity 1
net 16: (11 26)->(10 27) 0 3 0 1 #timing (2885 2949) ps  polarity 0
net 18: (9 26)->(9 26) 0 0 0 0 #timing (216 216) ps polarity 1
net 18: (9 26)->(9 26) 1 0 0 0 #timing (300 302) ps polarity 0
net 18: (9 26)->(9 26) 1 0 1 1 #timing (507 474) ps  polarity 1
net 18: (9 26)->(9 26) 0 0 0 1 #timing (569 604) ps  polarity 0
net 18: (9 26)->(11 26) 1 2 0 0 #timing (363 343) ps polarity 0
net 18: (11 26)->(11 26) 1 0 0 1 #timing (596 556) ps  polarity 1
net 18: (11 26)->(11 27) 0 1 0 1 #timing (704 722) ps  polarity 0
net 19: (8 31)->(8 30) 0 1 0 0 #timing (139 131) ps polarity 1
net 19: (8 30)->(10 28) 1 3 0 0 #timing (308 287) ps polarity 0
net 19: (10 28)->(10 24) 3 1 0 1 #timing (799 663) ps  polarity 0
net 19: (10 24)->(8 26) 1 3 0 1 #timing (936 796) ps  polarity 1
net 19: (8 26)->(9 27) 0 3 0 1 #timing (928 1083) ps  polarity 0
net 20: (9 26)->(8 26) 0 2 0 0 #timing (212 212) ps polarity 1
net 20: (8 26)->(10 26) 1 2 0 0 #timing (357 335) ps polarity 0
net 20: (10 26)->(10 26) 1 0 1 1 #timing (574 527) ps  polarity 1
net 20: (10 26)->(11 27) 0 3 0 1 #timing (643 683) ps  polarity 0
net 20: (9 26)->(8 27) 0 3 0 0 #timing (235 235) ps polarity 1
net 20: (8 27)->(8 27) 1 0 0 0 #timing (322 322) ps polarity 0
net 20: (8 27)->(8 27) 1 0 0 1 #timing (529 495) ps  polarity 1
net 20: (8 27)->(9 26) 0 3 0 1 #timing (630 648) ps  polarity 0
net 21: (8 26)->(9 27) 0 3 0 0 #timing (229 229) ps polarity 1
net 21: (9 27)->(9 27) 1 0 0 0 #timing (337 335) ps polarity 0
net 21: (9 27)->(9 27) 1 0 0 1 #timing (542 507) ps  polarity 1
net 21: (9 27)->(8 27) 0 2 0 1 #timing (587 630) ps  polarity 0
net 21: (9 27)->(11 27) 1 2 0 1 #timing (635 566) ps  polarity 1
net 21: (11 27)->(10 27) 0 2 0 1 #timing (667 771) ps  polarity 0
net 22: (10 0)->(10 0) 0 0 0 0 #timing (0 0) ps polarity 1
net 22: (10 0)->(8 0) 1 2 0 0 #timing (122 111) ps polarity 0
net 22: (8 0)->(8 0) 1 0 1 1 #timing (339 305) ps  polarity 1
net 22: (8 0)->(8 0) 0 0 0 1 #timing (412 444) ps  polarity 0
net 22: (10 0)->(11 0) 0 2 0 0 #timing (1 1) ps polarity 1
net 22: (11 0)->(11 2) 1 1 0 0 #timing (115 107) ps polarity 0
net 22: (11 2)->(11 2) 5 0 0 0 #timing (217 258) ps polarity 1
net 22: (11 2)->(11 18) 13 1 0 0 #timing (838 685) ps polarity 0
net 22: (11 18)->(11 26) 5 1 0 1 #timing (1287 1112) ps  polarity 1
net 22: (11 26)->(9 24) 1 3 0 1 #timing (1419 1524) ps  polarity 0
net 22: (9 24)->(8 25) 0 3 0 1 #timing (1701 1613) ps  polarity 1
net 23: (11 26)->(11 26) 0 0 0 0 #timing (162 162) ps polarity 1
net 23: (11 26)->(9 24) 1 3 0 0 #timing (345 304) ps polarity 0
net 23: (9 24)->(9 24) 5 0 1 0 #timing (440 534) ps polarity 1
net 23: (9 24)->(9 8) 13 1 0 0 #timing (1205 981) ps polarity 0
net 23: (9 8)->(25 8) 13 2 0 0 #timing (1689 1808) ps polarity 1
net 23: (25 8)->(25 0) 5 1 0 1 #timing (2283 2387) ps  polarity 0
net 23: (25 0)->(25 0) 1 0 1 1 #timing (2606 2465) ps  polarity 1
net 23: (25 0)->(24 0) 0 2 0 1 #timing (2549 2695) ps  polarity 0
net 24: (12 26)->(13 27) 0 3 0 0 #timing (191 191) ps polarity 1
net 24: (13 27)->(13 25) 1 1 0 0 #timing (320 309) ps polarity 0
net 24: (13 25)->(13 21) 3 4 0 0 #timing (577 565) ps polarity 0
net 24: (13 21)->(17 21) 4 5 0 0 #timing (899 853) ps polarity 0
net 24: (17 21)->(17 21) 5 0 1 0 #timing (1022 992) ps polarity 1
net 24: (17 21)->(25 29) 5 3 0 1 #timing (1693 1655) ps  polarity 1
net 24: (25 29)->(27 31) 1 3 0 1 #timing (1958 1878) ps  polarity 1
net 24: (27 31)->(27 31) 0 0 0 1 #timing (2022 2141) ps  polarity 0
net 25: (13 27)->(12 27) 0 2 0 0 #timing (183 183) ps polarity 0
net 25: (12 27)->(14 27) 1 2 0 0 #timing (318 303) ps polarity 1
net 25: (14 27)->(14 31) 3 1 0 0 #timing (619 598) ps polarity 1
net 25: (14 31)->(18 31) 4 5 0 0 #timing (950 892) ps polarity 1
net 25: (18 31)->(18 31) 5 0 1 0 #timing (1075 1032) ps polarity 0
net 25: (18 31)->(26 31) 5 2 0 1 #timing (1471 1416) ps  polarity 1
net 25: (26 31)->(26 31) 1 0 0 1 #timing (1617 1640) ps  polarity 0
net 25: (26 31)->(26 31) 0 0 0 1 #timing (1738 1716) ps  polarity 1
net 26: (13 26)->(12 27) 0 3 0 0 #timing (188 188) ps polarity 1
net 26: (12 27)->(12 27) 1 0 0 0 #timing (273 273) ps polarity 0
net 26: (12 27)->(12 31) 3 1 0 0 #timing (616 537) ps polarity 0
net 26: (12 31)->(16 31) 4 5 0 0 #timing (937 821) ps polarity 0
net 26: (16 31)->(16 31) 5 0 1 0 #timing (1064 963) ps polarity 1
net 26: (16 31)->(24 31) 5 2 0 1 #timing (1518 1387) ps  polarity 0
net 26: (24 31)->(24 31) 1 0 0 1 #timing (1593 1690) ps  polarity 1
net 26: (24 31)->(25 31) 0 2 0 1 #timing (1795 1697) ps  polarity 0
net 27: (9 27)->(8 27) 0 2 0 0 #timing (151 151) ps polarity 0
net 27: (8 27)->(8 25) 1 1 0 0 #timing (285 271) ps polarity 1
net 27: (8 25)->(4 25) 4 5 0 1 #timing (774 659) ps  polarity 1
net 27: (4 25)->(4 29) 3 1 0 1 #timing (1086 904) ps  polarity 1
net 27: (4 29)->(4 31) 1 1 0 1 #timing (1224 1036) ps  polarity 0
net 27: (4 31)->(5 31) 0 2 0 1 #timing (1188 1381) ps  polarity 1
net 28: (10 26)->(10 27) 0 1 0 0 #timing (180 180) ps polarity 1
net 28: (10 27)->(10 27) 1 0 0 0 #timing (260 262) ps polarity 0
net 28: (10 27)->(10 31) 3 1 0 0 #timing (543 489) ps polarity 0
net 28: (10 31)->(6 31) 4 5 0 0 #timing (914 803) ps polarity 0
net 28: (6 31)->(6 31) 1 0 0 1 #timing (1006 1092) ps  polarity 1
net 28: (6 31)->(6 31) 0 0 0 1 #timing (1198 1111) ps  polarity 0
net 29: (12 27)->(12 27) 0 0 0 0 #timing (191 191) ps polarity 0
net 29: (12 27)->(14 25) 1 3 0 0 #timing (377 338) ps polarity 1
net 29: (14 25)->(14 25) 5 0 1 0 #timing (461 545) ps polarity 0
net 29: (14 25)->(31 25) 13 2 1 0 #timing (1297 1069) ps polarity 1
net 29: (31 25)->(31 8) 13 1 1 0 #timing (1795 1922) ps polarity 0
net 29: (31 8)->(23 0) 5 3 0 1 #timing (2552 2661) ps  polarity 0
net 29: (23 0)->(23 0) 1 0 0 1 #timing (2739 2835) ps  polarity 0
net 29: (23 0)->(23 0) 0 0 0 1 #timing (2918 2828) ps  polarity 1
net 30: (8 25)->(8 24) 0 1 0 0 #timing (193 193) ps polarity 0
net 30: (8 24)->(10 26) 1 3 0 0 #timing (350 329) ps polarity 1
net 30: (10 26)->(10 30) 3 1 0 0 #timing (668 675) ps polarity 1
net 30: (10 30)->(6 30) 4 5 0 0 #timing (1047 987) ps polarity 1
net 30: (6 30)->(4 30) 1 2 0 1 #timing (1210 1241) ps  polarity 0
net 30: (4 30)->(4 31) 0 1 0 1 #timing (1369 1350) ps  polarity 1
net 31: (8 25)->(8 25) 0 0 0 0 #timing (651 651) ps polarity 1
net 31: (8 25)->(10 27) 1 3 0 0 #timing (790 774) ps polarity 0
net 31: (10 27)->(10 27) 1 0 0 1 #timing (1026 990) ps  polarity 1
net 31: (10 27)->(10 27) 0 0 0 1 #timing (1104 1136) ps  polarity 0
net 31: (10 27)->(8 27) 1 2 0 1 #timing (1044 1004) ps  polarity 1
net 31: (8 27)->(8 27) 0 0 0 1 #timing (1122 1165) ps  polarity 0
net 32: (12 26)->(12 26) 0 0 0 0 #timing (166 166) ps polarity 1
net 32: (12 26)->(14 24) 1 3 0 0 #timing (352 311) ps polarity 0
net 32: (14 24)->(14 24) 5 0 1 0 #timing (437 526) ps polarity 1
net 32: (14 24)->(14 9) 13 1 1 0 #timing (1153 946) ps polarity 0
net 32: (14 9)->(6 1) 5 3 0 1 #timing (1934 1697) ps  polarity 0
net 32: (6 1)->(6 1) 1 0 0 1 #timing (2107 1858) ps  polarity 0
net 32: (6 1)->(6 0) 0 1 0 1 #timing (1971 2215) ps  polarity 1
net 33: (12 25)->(12 25) 0 0 0 0 #timing (186 186) ps polarity 0
net 33: (12 25)->(14 27) 1 3 0 0 #timing (333 311) ps polarity 1
net 33: (14 27)->(14 27) 5 0 1 0 #timing (441 514) ps polarity 0
net 33: (14 27)->(14 10) 13 1 1 0 #timing (1201 992) ps polarity 1
net 33: (14 10)->(6 2) 5 3 0 1 #timing (1949 1719) ps  polarity 1
net 33: (6 2)->(6 0) 1 1 0 1 #timing (2163 1911) ps  polarity 1
net 33: (6 0)->(7 0) 0 2 0 1 #timing (2034 2301) ps  polarity 0
net 34: (11 26)->(10 27) 0 3 0 0 #timing (204 204) ps polarity 1
net 34: (10 27)->(10 25) 1 1 0 0 #timing (349 329) ps polarity 0
net 34: (10 25)->(10 25) 5 0 1 0 #timing (440 489) ps polarity 1
net 34: (10 25)->(10 8) 13 1 1 0 #timing (1126 954) ps polarity 0
net 34: (10 8)->(10 0) 5 1 0 1 #timing (1591 1399) ps  polarity 1
net 34: (10 0)->(8 0) 1 2 0 1 #timing (1621 1772) ps  polarity 0
net 34: (8 0)->(9 0) 0 2 0 1 #timing (1900 1747) ps  polarity 1
net 35: (11 25)->(11 25) 0 0 0 0 #timing (204 204) ps polarity 0
net 35: (11 25)->(9 27) 1 3 0 0 #timing (367 333) ps polarity 1
net 35: (9 27)->(9 27) 5 0 1 0 #timing (467 556) ps polarity 0
net 35: (9 27)->(24 27) 13 2 1 0 #timing (1204 990) ps polarity 1
net 35: (24 27)->(24 27) 5 0 1 1 #timing (1515 1316) ps  polarity 1
net 35: (24 27)->(24 31) 3 1 0 1 #timing (1898 1615) ps  polarity 0
net 35: (24 31)->(24 31) 1 0 1 1 #timing (2005 1723) ps  polarity 1
net 35: (24 31)->(24 31) 0 0 0 1 #timing (1826 2108) ps  polarity 0
