Timing Summary
==============

   POST-ROUTE

          Group  No. Clocks  No. Clock Pairs  WNS(ps)  TNS(ps)  TNS Endpoints      
    -----------  ----------  ---------------  -------  -------  -------------      
   <UDEF_i_clk>           1                1    -1432   -29681             26      




Clocks
======

            Clock    Clock net         Group  Constrained Period(ps)      Waveform(ps)   Achievable Period(ps)  Achievable Frequency(MHz)
   --------------  -----------   -----------  ----------------------  -----------------  ---------------------  -------------------------
            i_clk        i_clk  <UDEF_i_clk>           (auto) 2000            (0,1000)                   3431                    291.460 




Clock Relationships
===================

       From Clock        To Clock               Group    Endpoints     WNS(ps)    TNS(ps)  TNS Endpoints
   --------------  --------------  ------------------  -----------  ----------  ---------  -------------
            i_clk           i_clk        <UDEF_i_clk>           27       -1432     -29681             26




Timing Details for Clock Pair i_clk and i_clk
=============================================

       From Clock        To Clock               Group    Endpoints     WNS(ps)    TNS(ps)  TNS Endpoints
   --------------  --------------  ------------------  -----------  ----------  ---------  -------------
            i_clk           i_clk        <UDEF_i_clk>           27       -1432     -29681             26

Path 9:
   Slack (not met):                         -1432ps
     Path type:                               SETUP
     Group:                            <UDEF_i_clk>
     Launching clock:                         i_clk (rising edge)
     Capturing clock:                         i_clk (rising edge)

     Requested period:                       2000ps
   + Delay of the capturing clock:           2319ps
   - Clock uncertainty:                       150ps
   = Required time:                          4169ps
   - Propagation time:                       3282ps (81.6% logic, 18.4% route, logic stage 1)
   - Delay of the launching clock:           2319ps
   = Slack:                                 -1432ps

   Instance/Pin or Net Name   Type         ID    Location or Fanout   Delay(ps)  Edge  Arrival Time(ps)    Instance detail                                                                                                     
   ------------------------------------------------------------------------------------------------------------------------------------------------------------------------------------------------------------------------------
   i_clk                      CLOCK-PORT    -                     -     launch     r               0                                                                                                                           
   i_clk                      Clock net    15          (fanout=152)       2319                     -                                                                                                                           
   RBB_19/CLK                 RBB_6L       19  [TILE 0 0, RBB 25 8]          -     r            2319                                                                                                                           
   ------------------------------------------------------------------------------------------------------------------------------------------------------------------------------------------------------------------------------
   RBB_19/AMUX                RBB_6L       19  [TILE 0 0, RBB 25 8]       1386     r            3705     {inst45: $auto$ff.cc:266:slice$1873 (FDR,site=affo)}                                                                  
   y_sync[2]                  Net          18            (fanout=2)        604                     -                                                                                                                           
   RBB_19/A2                  RBB_6L       19  [TILE 0 0, RBB 25 8]          -     r            4309     {inst53: $auto$xilinx_dffopt.cc:332:execute$2522 (LUT,site=alut)} {inst48: $auto$ff.cc:266:slice$1876 (FDR,site=aff)} 
   ------------------------------------------------------------------------------------------------------------------------------------------------------------------------------------------------------------------------------
   RBB_19/CLK                 RBB_6L       19  [TILE 0 0, RBB 25 8]       1292     r            5601                                                                                                                           
   i_clk                      Clock net    15          (fanout=152)      -2319                     -                                                                                                                           
   i_clk                      CLOCK-PORT    -                     -    capture     r            3282                                                                                                                           
   ------------------------------------------------------------------------------------------------------------------------------------------------------------------------------------------------------------------------------


Path 5:
   Slack (not met):                         -1355ps
     Path type:                               SETUP
     Group:                            <UDEF_i_clk>
     Launching clock:                         i_clk (rising edge)
     Capturing clock:                         i_clk (rising edge)

     Requested period:                       2000ps
   + Delay of the capturing clock:           2319ps
   - Clock uncertainty:                       150ps
   = Required time:                          4169ps
   - Propagation time:                       3205ps (79.8% logic, 20.2% route, logic stage 1)
   - Delay of the launching clock:           2319ps
   = Slack:                                 -1355ps

   Instance/Pin or Net Name   Type         ID    Location or Fanout   Delay(ps)  Edge  Arrival Time(ps)    Instance detail                                                                                                  
   ---------------------------------------------------------------------------------------------------------------------------------------------------------------------------------------------------------------------------
   i_clk                      CLOCK-PORT    -                     -     launch     r               0                                                                                                                        
   i_clk                      Clock net    15          (fanout=152)       2319                     -                                                                                                                        
   RBB_19/CLK                 RBB_6L       19  [TILE 0 0, RBB 25 8]          -     r            2319                                                                                                                        
   ---------------------------------------------------------------------------------------------------------------------------------------------------------------------------------------------------------------------------
   RBB_19/CMUX                RBB_6L       19  [TILE 0 0, RBB 25 8]       1381     r            3700     {inst44: $auto$ff.cc:266:slice$1872 (FDR,site=cffo)}                                                               
   y_sync[1]                  Net          20            (fanout=2)        648                     -                                                                                                                        
   RBB_19/A1                  RBB_6L       19  [TILE 0 0, RBB 25 8]          -     r            4348     {inst84: $auto$ff.cc:266:slice$1873_buf84_i (LUT,site=aluto)} {inst45: $auto$ff.cc:266:slice$1873 (FDR,site=affo)} 
   ---------------------------------------------------------------------------------------------------------------------------------------------------------------------------------------------------------------------------
   RBB_19/CLK                 RBB_6L       19  [TILE 0 0, RBB 25 8]       1176     r            5524                                                                                                                        
   i_clk                      Clock net    15          (fanout=152)      -2319                     -                                                                                                                        
   i_clk                      CLOCK-PORT    -                     -    capture     r            3205                                                                                                                        
   ---------------------------------------------------------------------------------------------------------------------------------------------------------------------------------------------------------------------------


Path 4:
   Slack (not met):                         -1339ps
     Path type:                               SETUP
     Group:                            <UDEF_i_clk>
     Launching clock:                         i_clk (rising edge)
     Capturing clock:                         i_clk (rising edge)

     Requested period:                       2000ps
   + Delay of the capturing clock:           2247ps
   - Clock uncertainty:                       150ps
   = Required time:                          4097ps
   - Propagation time:                       3189ps (77.2% logic, 22.8% route, logic stage 1)
   - Delay of the launching clock:           2247ps
   = Slack:                                 -1339ps

   Instance/Pin or Net Name   Type         ID     Location or Fanout   Delay(ps)  Edge  Arrival Time(ps)    Instance detail                                                                                                       
   ---------------------------------------------------------------------------------------------------------------------------------------------------------------------------------------------------------------------------------
   i_clk                      CLOCK-PORT    -                      -     launch     r               0                                                                                                                             
   i_clk                      Clock net    15           (fanout=152)       2247                     -                                                                                                                             
   RBB_20/CLK                 RBB_6L       20  [TILE 0 0, RBB 25 10]          -     r            2247                                                                                                                             
   ---------------------------------------------------------------------------------------------------------------------------------------------------------------------------------------------------------------------------------
   RBB_20/BMUX                RBB_6L       20  [TILE 0 0, RBB 25 10]       1350     r            3597     {inst51: $auto$ff.cc:266:slice$1879 (FDR,site=bffo)}                                                                    
   z_phase[1]                 Net           7             (fanout=3)        728                     -                                                                                                                             
   RBB_20/B5                  RBB_6L       20  [TILE 0 0, RBB 25 10]          -     r            4325     {inst57: $auto$xilinx_dffopt.cc:338:execute$2528 (LUT,site=bluto)} {inst51: $auto$ff.cc:266:slice$1879 (FDR,site=bffo)} 
   ---------------------------------------------------------------------------------------------------------------------------------------------------------------------------------------------------------------------------------
   RBB_20/CLK                 RBB_6L       20  [TILE 0 0, RBB 25 10]       1111     r            5436                                                                                                                             
   i_clk                      Clock net    15           (fanout=152)      -2247                     -                                                                                                                             
   i_clk                      CLOCK-PORT    -                      -    capture     r            3189                                                                                                                             
   ---------------------------------------------------------------------------------------------------------------------------------------------------------------------------------------------------------------------------------













