Timing Summary
==============

   PLACER-ESTIMATED-TIMING TSMC 40nm ULP tt1p1v25c_Typical

          Group  No. Clocks  No. Clock Pairs  WNS(ps)  TNS(ps)  TNS Endpoints  WHS(ps)  THS(ps)  THS Endpoints
    -----------  ----------  ---------------  -------  -------  -------------  -------  -------  -------------
   <UDEF_i_clk>           1                1    -1267   -24697             23     1624        0              0




Clocks
======

            Clock    Clock net         Group  Constrained Period(ps)      Waveform(ps)   Achievable Period(ps)  Achievable Frequency(MHz)
   --------------  -----------   -----------  ----------------------  -----------------  ---------------------  -------------------------
            i_clk        i_clk  <UDEF_i_clk>           (auto) 2000            (0,1000)                   3266                    306.185 




Clock Relationships
===================

       From Clock        To Clock               Group    Endpoints     WNS(ps)    TNS(ps)  TNS Endpoints     WHS(ps)    THS(ps)  THS Endpoints
   --------------  --------------  ------------------  -----------  ----------  ---------  -------------  ----------  ---------  -------------
            i_clk           i_clk        <UDEF_i_clk>           23       -1267     -24697             23        1624          0              0




Timing Details for Clock Pair i_clk and i_clk
=============================================

       From Clock        To Clock               Group    Endpoints     WNS(ps)    TNS(ps)  TNS Endpoints     WHS(ps)    THS(ps)  THS Endpoints
   --------------  --------------  ------------------  -----------  ----------  ---------  -------------  ----------  ---------  -------------
            i_clk           i_clk        <UDEF_i_clk>           23       -1267     -24697             23        1624          0              0

Path 3:
   Slack (not met):                         -1267ps
     Path type:                               SETUP
     Group:                            <UDEF_i_clk>
     Launching clock:                         i_clk (rising edge)
     Capturing clock:                         i_clk (rising edge)

     Requested period:                       2000ps
   + Delay of the capturing clock:            931ps
   - Clock uncertainty:                       150ps
   = Required time:                          2781ps
   - Propagation time:                       3096ps (55.7% logic, 44.3% route, logic stage 1)
   - Delay of the launching clock:            952ps
   = Slack:                                 -1267ps

   Instance/Pin or Net Name   Type         ID     Location or Fanout   Delay(ps)  Edge  Arrival Time(ps)    Instance detail                                                                                                     
   -------------------------------------------------------------------------------------------------------------------------------------------------------------------------------------------------------------------------------
   i_clk                      CLOCK-PORT    -                      -     launch     r               0                                                                                                                           
   i_clk                      Clock net    15           (fanout=152)        952                     -                                                                                                                           
   RBB_20/CLK                 RBB_6L       20  [TILE 0 0, RBB 25 10]          -     r             952                                                                                                                           
   -------------------------------------------------------------------------------------------------------------------------------------------------------------------------------------------------------------------------------
   RBB_20/DQ                  RBB_6L       20  [TILE 0 0, RBB 25 10]        800     r            1752     {inst47: $auto$ff.cc:266:slice$1875 (FDR,site=dff)}                                                                   
   x_phase[1]                 Net           2             (fanout=4)       1371                     -                                                                                                                           
   RBB_20/D4                  RBB_6L       20  [TILE 0 0, RBB 25 10]          -     r            3123     {inst55: $auto$xilinx_dffopt.cc:338:execute$2520 (LUT,site=dlut)} {inst47: $auto$ff.cc:266:slice$1875 (FDR,site=dff)} 
   -------------------------------------------------------------------------------------------------------------------------------------------------------------------------------------------------------------------------------
   RBB_20/CLK                 RBB_6L       20  [TILE 0 0, RBB 25 10]        925     r            4048                                                                                                                           
   i_clk                      Clock net    15           (fanout=152)       -931                     -                                                                                                                           
   i_clk                      CLOCK-PORT    -                      -    capture     r            3117                                                                                                                           
   -------------------------------------------------------------------------------------------------------------------------------------------------------------------------------------------------------------------------------


Path 4:
   Slack (not met):                         -1262ps
     Path type:                               SETUP
     Group:                            <UDEF_i_clk>
     Launching clock:                         i_clk (rising edge)
     Capturing clock:                         i_clk (rising edge)

     Requested period:                       2000ps
   + Delay of the capturing clock:            931ps
   - Clock uncertainty:                       150ps
   = Required time:                          2781ps
   - Propagation time:                       3091ps (79.9% logic, 20.1% route, logic stage 1)
   - Delay of the launching clock:            952ps
   = Slack:                                 -1262ps

   Instance/Pin or Net Name   Type         ID     Location or Fanout   Delay(ps)  Edge  Arrival Time(ps)    Instance detail                                                                                                       
   ---------------------------------------------------------------------------------------------------------------------------------------------------------------------------------------------------------------------------------
   i_clk                      CLOCK-PORT    -                      -     launch     r               0                                                                                                                             
   i_clk                      Clock net    15           (fanout=152)        952                     -                                                                                                                             
   RBB_20/CLK                 RBB_6L       20  [TILE 0 0, RBB 25 10]          -     r             952                                                                                                                             
   ---------------------------------------------------------------------------------------------------------------------------------------------------------------------------------------------------------------------------------
   RBB_20/BMUX                RBB_6L       20  [TILE 0 0, RBB 25 10]       1350     r            2302     {inst51: $auto$ff.cc:266:slice$1879 (FDR,site=bffo)}                                                                    
   z_phase[1]                 Net           7             (fanout=3)        622                     -                                                                                                                             
   RBB_20/B5                  RBB_6L       20  [TILE 0 0, RBB 25 10]          -     r            2924     {inst57: $auto$xilinx_dffopt.cc:338:execute$2528 (LUT,site=bluto)} {inst51: $auto$ff.cc:266:slice$1879 (FDR,site=bffo)} 
   ---------------------------------------------------------------------------------------------------------------------------------------------------------------------------------------------------------------------------------
   RBB_20/CLK                 RBB_6L       20  [TILE 0 0, RBB 25 10]       1119     r            4043                                                                                                                             
   i_clk                      Clock net    15           (fanout=152)       -931                     -                                                                                                                             
   i_clk                      CLOCK-PORT    -                      -    capture     r            3112                                                                                                                             
   ---------------------------------------------------------------------------------------------------------------------------------------------------------------------------------------------------------------------------------


Path 5:
   Slack (not met):                         -1262ps
     Path type:                               SETUP
     Group:                            <UDEF_i_clk>
     Launching clock:                         i_clk (rising edge)
     Capturing clock:                         i_clk (rising edge)

     Requested period:                       2000ps
   + Delay of the capturing clock:            970ps
   - Clock uncertainty:                       150ps
   = Required time:                          2820ps
   - Propagation time:                       3058ps (81.9% logic, 18.1% route, logic stage 1)
   - Delay of the launching clock:           1024ps
   = Slack:                                 -1262ps

   Instance/Pin or Net Name   Type         ID    Location or Fanout   Delay(ps)  Edge  Arrival Time(ps)    Instance detail                                                                                                  
   ---------------------------------------------------------------------------------------------------------------------------------------------------------------------------------------------------------------------------
   i_clk                      CLOCK-PORT    -                     -     launch     r               0                                                                                                                        
   i_clk                      Clock net    15          (fanout=152)       1024                     -                                                                                                                        
   RBB_19/CLK                 RBB_6L       19  [TILE 0 0, RBB 25 8]          -     r            1024                                                                                                                        
   ---------------------------------------------------------------------------------------------------------------------------------------------------------------------------------------------------------------------------
   RBB_19/CMUX                RBB_6L       19  [TILE 0 0, RBB 25 8]       1380     r            2404     {inst44: $auto$ff.cc:266:slice$1872 (FDR,site=cffo)}                                                               
   y_sync[1]                  Net          20            (fanout=2)        552                     -                                                                                                                        
   RBB_19/A1                  RBB_6L       19  [TILE 0 0, RBB 25 8]          -     r            2956     {inst84: $auto$ff.cc:266:slice$1873_buf84_i (LUT,site=aluto)} {inst45: $auto$ff.cc:266:slice$1873 (FDR,site=affo)} 
   ---------------------------------------------------------------------------------------------------------------------------------------------------------------------------------------------------------------------------
   RBB_19/CLK                 RBB_6L       19  [TILE 0 0, RBB 25 8]       1126     r            4082                                                                                                                        
   i_clk                      Clock net    15          (fanout=152)       -970                     -                                                                                                                        
   i_clk                      CLOCK-PORT    -                     -    capture     r            3112                                                                                                                        
   ---------------------------------------------------------------------------------------------------------------------------------------------------------------------------------------------------------------------------


Path 6:
   Slack (met):                              1624ps
     Path type:                                HOLD
     Group:                            <UDEF_i_clk>
     Launching clock:                         i_clk (rising edge)
     Capturing clock:                         i_clk (rising edge)

   + Delay of the launching clock:            970ps
   + Propagation time:                       1828ps (68.5% logic, 31.5% route, logic stage 1)
   - Delay of the capturing clock:           1024ps
   - Clock uncertainty:                       150ps
   - Requested period:                          0ps
   = Slack:                                  1624ps

   Instance/Pin or Net Name   Type         ID    Location or Fanout   Delay(ps)  Edge  Arrival Time(ps)    Instance detail                                    
   -------------------------------------------------------------------------------------------------------------------------------------------------------------
   i_clk                      CLOCK-PORT    -                     -     launch     r               0                                                          
   i_clk                      Clock net    15          (fanout=152)        970                     -                                                          
   RBB_19/CLK                 RBB_6L       19  [TILE 0 0, RBB 25 8]          -     r             970                                                          
   -------------------------------------------------------------------------------------------------------------------------------------------------------------
   RBB_19/DMUX                RBB_6L       19  [TILE 0 0, RBB 25 8]        800     r            1770     {inst38: $auto$ff.cc:266:slice$1866 (FDR,site=dffo)} 
   z_sync[1]                  Net           3            (fanout=2)        575                     -                                                          
   RBB_19/C6                  RBB_6L       19  [TILE 0 0, RBB 25 8]          -     r            2345     {inst39: $auto$ff.cc:266:slice$1867 (FDR,site=cff)}  
   -------------------------------------------------------------------------------------------------------------------------------------------------------------
   RBB_19/CLK                 RBB_6L       19  [TILE 0 0, RBB 25 8]        453     r            2798                                                          
   i_clk                      Clock net    15          (fanout=152)      -1024                     -                                                          
   i_clk                      CLOCK-PORT    -                     -    capture     r            1774                                                          
   -------------------------------------------------------------------------------------------------------------------------------------------------------------


Path 7:
   Slack (met):                              2015ps
     Path type:                                HOLD
     Group:                            <UDEF_i_clk>
     Launching clock:                         i_clk (rising edge)
     Capturing clock:                         i_clk (rising edge)

   + Delay of the launching clock:            970ps
   + Propagation time:                       2219ps (77.7% logic, 22.3% route, logic stage 1)
   - Delay of the capturing clock:           1024ps
   - Clock uncertainty:                       150ps
   - Requested period:                          0ps
   = Slack:                                  2015ps

   Instance/Pin or Net Name   Type         ID    Location or Fanout   Delay(ps)  Edge  Arrival Time(ps)    Instance detail                                                                                                     
   ------------------------------------------------------------------------------------------------------------------------------------------------------------------------------------------------------------------------------
   i_clk                      CLOCK-PORT    -                     -     launch     r               0                                                                                                                           
   i_clk                      Clock net    15          (fanout=152)        970                     -                                                                                                                           
   RBB_19/CLK                 RBB_6L       19  [TILE 0 0, RBB 25 8]          -     r             970                                                                                                                           
   ------------------------------------------------------------------------------------------------------------------------------------------------------------------------------------------------------------------------------
   RBB_19/BMUX                RBB_6L       19  [TILE 0 0, RBB 25 8]        800     r            1770     {inst42: $auto$ff.cc:266:slice$1870 (FDR,site=bffo)}                                                                  
   x_sync[2]                  Net          21            (fanout=2)        494                     -                                                                                                                           
   RBB_19/D2                  RBB_6L       19  [TILE 0 0, RBB 25 8]          -     r            2264     {inst52: $auto$xilinx_dffopt.cc:332:execute$2518 (LUT,site=dlut)} {inst46: $auto$ff.cc:266:slice$1874 (FDR,site=dff)} 
   ------------------------------------------------------------------------------------------------------------------------------------------------------------------------------------------------------------------------------
   RBB_19/CLK                 RBB_6L       19  [TILE 0 0, RBB 25 8]        925     r            3189                                                                                                                           
   i_clk                      Clock net    15          (fanout=152)      -1024                     -                                                                                                                           
   i_clk                      CLOCK-PORT    -                     -    capture     r            2165                                                                                                                           
   ------------------------------------------------------------------------------------------------------------------------------------------------------------------------------------------------------------------------------


Path 8:
   Slack (met):                              2070ps
     Path type:                                HOLD
     Group:                            <UDEF_i_clk>
     Launching clock:                         i_clk (rising edge)
     Capturing clock:                         i_clk (rising edge)

   + Delay of the launching clock:            970ps
   + Propagation time:                       2202ps (72.6% logic, 27.4% route, logic stage 1)
   - Delay of the capturing clock:            952ps
   - Clock uncertainty:                       150ps
   - Requested period:                          0ps
   = Slack:                                  2070ps

   Instance/Pin or Net Name   Type         ID     Location or Fanout   Delay(ps)  Edge  Arrival Time(ps)    Instance detail                                                                                                     
   -------------------------------------------------------------------------------------------------------------------------------------------------------------------------------------------------------------------------------
   i_clk                      CLOCK-PORT    -                      -     launch     r               0                                                                                                                           
   i_clk                      Clock net    15           (fanout=152)        970                     -                                                                                                                           
   RBB_19/CLK                 RBB_6L       19   [TILE 0 0, RBB 25 8]          -     r             970                                                                                                                           
   -------------------------------------------------------------------------------------------------------------------------------------------------------------------------------------------------------------------------------
   RBB_19/DMUX                RBB_6L       19   [TILE 0 0, RBB 25 8]        800     r            1770     {inst38: $auto$ff.cc:266:slice$1866 (FDR,site=dffo)}                                                                  
   z_sync[1]                  Net           3             (fanout=2)        604                     -                                                                                                                           
   RBB_20/B1                  RBB_6L       20  [TILE 0 0, RBB 25 10]          -     r            2374     {inst54: $auto$xilinx_dffopt.cc:332:execute$2526 (LUT,site=blut)} {inst50: $auto$ff.cc:266:slice$1878 (FDR,site=bff)} 
   -------------------------------------------------------------------------------------------------------------------------------------------------------------------------------------------------------------------------------
   RBB_20/CLK                 RBB_6L       20  [TILE 0 0, RBB 25 10]        798     r            3172                                                                                                                           
   i_clk                      Clock net    15           (fanout=152)       -952                     -                                                                                                                           
   i_clk                      CLOCK-PORT    -                      -    capture     r            2220                                                                                                                           
   -------------------------------------------------------------------------------------------------------------------------------------------------------------------------------------------------------------------------------













