####   Post-Placement Resource Utilization Report   ####

                                                                  
   3 Logic 6-LUT RBBs                                             
         11 RBB LUTs utilized (up to 4 per RBB)                   
             9 of which are dual 5-input LUTs                     
            20 LUTs total                                         
          7 RBB FFs utilized (up to 4 pairs per RBB)              
             8 of which are LUT-FF combination                    
             5 of which are dual-FFs                              
             2 of which are dual-LUT-dual-FF combination          
   19 I/O RBBs                                                    
          7  Input pins                                           
         15 Output pins                                           
          3 Input FFs utilized                                    
          1 Output FFs utilized                                   
   Usage of Logic RBBs is 3%.                                     
   Usage of LUTs is 2%.                                           
       dual-LUTs is 2%.                                           
   Usage of FF is 2%.                                             
       dual-FF is 1%.                                             
   Usage of IO RBB is 11%.                                        


 | ------------------------------------------------------------ | 
 | TILE X0Y0                                                    | 
 | 3 Logic 6-LUT RBBs                                           | 
 |       11 RBB LUTs utilized (up to 4 per RBB)                 | 
 |           9 of which are dual 5-input LUTs                   | 
 |          20 LUTs total                                       | 
 |        7 RBB FFs utilized (up to 4 pairs per RBB)            | 
 |           8 of which are LUT-FF combination                  | 
 |           5 of which are dual-FFs                            | 
 |           2 of which are dual-LUT-dual-FF combination        | 
 | 19 I/O RBBs                                                  | 
 |        7  Input pins                                         | 
 |       15 Output pins                                         | 
 |        3 Input FFs utilized                                  | 
 |        1 Output FFs utilized                                 | 
 | Usage of Logic RBBs is 3%.                                   | 
 | Usage of LUTs is 2%.                                         | 
 |     dual-LUTs is 2%.                                         | 
 | Usage of FF is 2%.                                           | 
 |     dual-FF is 1%.                                           | 
 | Usage of IO RBB is 11%.                                      | 
 | ------------------------------------------------------------ | 
